// Jest Snapshot v1, https://goo.gl/fbAQLP

exports[`Chip component tests {
  onClose: [Function],
  label: 'Chip',
  Icon: [Object],
  showClose: false,
  showIcon: false
} 1`] = `
<View
  accessibilityState={
    {
      "busy": undefined,
      "checked": undefined,
      "disabled": undefined,
      "expanded": undefined,
      "selected": undefined,
    }
  }
  accessibilityValue={
    {
      "max": undefined,
      "min": undefined,
      "now": undefined,
      "text": undefined,
    }
  }
  accessible={true}
  collapsable={false}
  focusable={true}
  onBlur={[Function]}
  onClick={[Function]}
  onFocus={[Function]}
  onResponderGrant={[Function]}
  onResponderMove={[Function]}
  onResponderRelease={[Function]}
  onResponderTerminate={[Function]}
  onResponderTerminationRequest={[Function]}
  onStartShouldSetResponder={[Function]}
  style={
    [
      {
        "alignItems": "center",
        "alignSelf": "flex-start",
        "backgroundColor": "#f0f0f1",
        "borderColor": "rgba(255, 255, 255, 0.0001)",
        "borderRadius": 7,
        "borderWidth": 1,
        "flexDirection": "row",
        "gap": 7,
        "height": 24.5,
        "justifyContent": "center",
        "paddingHorizontal": 7,
        "paddingVertical": 0,
      },
      undefined,
    ]
  }
  testID="Chip_Container"
>
  <Text
    numberOfLines={1}
    style={
      [
        {
          "color": "#181a1f",
          "fontFamily": "PT Sans",
          "fontSize": 14,
          "includeFontPadding": false,
          "verticalAlign": "middle",
        },
        undefined,
      ]
    }
  >
    Chip
  </Text>
</View>
`;

exports[`Chip component tests {
  onClose: [Function],
  label: 'Chip',
  Icon: [Object],
  showClose: false,
  showIcon: true
} 1`] = `
<View
  accessibilityState={
    {
      "busy": undefined,
      "checked": undefined,
      "disabled": undefined,
      "expanded": undefined,
      "selected": undefined,
    }
  }
  accessibilityValue={
    {
      "max": undefined,
      "min": undefined,
      "now": undefined,
      "text": undefined,
    }
  }
  accessible={true}
  collapsable={false}
  focusable={true}
  onBlur={[Function]}
  onClick={[Function]}
  onFocus={[Function]}
  onResponderGrant={[Function]}
  onResponderMove={[Function]}
  onResponderRelease={[Function]}
  onResponderTerminate={[Function]}
  onResponderTerminationRequest={[Function]}
  onStartShouldSetResponder={[Function]}
  style={
    [
      {
        "alignItems": "center",
        "alignSelf": "flex-start",
        "backgroundColor": "#f0f0f1",
        "borderColor": "rgba(255, 255, 255, 0.0001)",
        "borderRadius": 7,
        "borderWidth": 1,
        "flexDirection": "row",
        "gap": 7,
        "height": 24.5,
        "justifyContent": "center",
        "paddingHorizontal": 7,
        "paddingVertical": 0,
      },
      undefined,
    ]
  }
  testID="Chip_Container"
>
  <RNSVGSvgView
    align="xMidYMid"
    bbHeight={14}
    bbWidth={14}
    fill="none"
    focusable={false}
    height={14}
    meetOrSlice={0}
    minX={0}
    minY={0}
    stroke="#181a1f"
    strokeLinecap="round"
    strokeLinejoin="round"
    strokeWidth={2}
    style={
      [
        {
          "backgroundColor": "transparent",
          "borderWidth": 0,
        },
        {
          "flex": 0,
          "height": 14,
          "width": 14,
        },
      ]
    }
    testID="SvgUniversalComponent"
    vbHeight={24}
    vbWidth={24}
    width={14}
    xmlns="http://www.w3.org/2000/svg"
  >
    <RNSVGGroup
      fill={null}
      propList={
        [
          "fill",
          "stroke",
          "strokeWidth",
          "strokeLinecap",
          "strokeLinejoin",
        ]
      }
      stroke={
        {
          "payload": 4279769631,
          "type": 0,
        }
      }
      strokeLinecap={1}
      strokeLinejoin={1}
      strokeWidth={2}
    >
      <RNSVGPath
        d="M8 7a4 4 0 1 0 8 0a4 4 0 0 0 -8 0"
        fill={null}
        propList={
          [
            "fill",
            "stroke",
            "strokeWidth",
            "strokeLinecap",
            "strokeLinejoin",
          ]
        }
        stroke={
          {
            "payload": 4279769631,
            "type": 0,
          }
        }
        strokeLinecap={1}
        strokeLinejoin={1}
        strokeWidth={2}
        testID="SvgUniversalComponent"
      />
      <RNSVGPath
        d="M6 21v-2a4 4 0 0 1 4 -4h4a4 4 0 0 1 4 4v2"
        fill={null}
        propList={
          [
            "fill",
            "stroke",
            "strokeWidth",
            "strokeLinecap",
            "strokeLinejoin",
          ]
        }
        stroke={
          {
            "payload": 4279769631,
            "type": 0,
          }
        }
        strokeLinecap={1}
        strokeLinejoin={1}
        strokeWidth={2}
        testID="SvgUniversalComponent"
      />
    </RNSVGGroup>
  </RNSVGSvgView>
  <Text
    numberOfLines={1}
    style={
      [
        {
          "color": "#181a1f",
          "fontFamily": "PT Sans",
          "fontSize": 14,
          "includeFontPadding": false,
          "verticalAlign": "middle",
        },
        undefined,
      ]
    }
  >
    Chip
  </Text>
</View>
`;

exports[`Chip component tests {
  onClose: [Function],
  label: 'Chip',
  Icon: [Object],
  showClose: true,
  showIcon: false
} 1`] = `
<View
  accessibilityState={
    {
      "busy": undefined,
      "checked": undefined,
      "disabled": undefined,
      "expanded": undefined,
      "selected": undefined,
    }
  }
  accessibilityValue={
    {
      "max": undefined,
      "min": undefined,
      "now": undefined,
      "text": undefined,
    }
  }
  accessible={true}
  collapsable={false}
  focusable={true}
  onBlur={[Function]}
  onClick={[Function]}
  onFocus={[Function]}
  onResponderGrant={[Function]}
  onResponderMove={[Function]}
  onResponderRelease={[Function]}
  onResponderTerminate={[Function]}
  onResponderTerminationRequest={[Function]}
  onStartShouldSetResponder={[Function]}
  style={
    [
      {
        "alignItems": "center",
        "alignSelf": "flex-start",
        "backgroundColor": "#f0f0f1",
        "borderColor": "rgba(255, 255, 255, 0.0001)",
        "borderRadius": 7,
        "borderWidth": 1,
        "flexDirection": "row",
        "gap": 7,
        "height": 24.5,
        "justifyContent": "center",
        "paddingHorizontal": 7,
        "paddingVertical": 0,
      },
      undefined,
    ]
  }
  testID="Chip_Container"
>
  <Text
    numberOfLines={1}
    style={
      [
        {
          "color": "#181a1f",
          "fontFamily": "PT Sans",
          "fontSize": 14,
          "includeFontPadding": false,
          "verticalAlign": "middle",
        },
        undefined,
      ]
    }
  >
    Chip
  </Text>
  <View
    accessibilityState={
      {
        "busy": undefined,
        "checked": undefined,
        "disabled": undefined,
        "expanded": undefined,
        "selected": undefined,
      }
    }
    accessibilityValue={
      {
        "max": undefined,
        "min": undefined,
        "now": undefined,
        "text": undefined,
      }
    }
    accessible={true}
    collapsable={false}
    focusable={true}
    onBlur={[Function]}
    onClick={[Function]}
    onFocus={[Function]}
    onResponderGrant={[Function]}
    onResponderMove={[Function]}
    onResponderRelease={[Function]}
    onResponderTerminate={[Function]}
    onResponderTerminationRequest={[Function]}
    onStartShouldSetResponder={[Function]}
    testID="Chip_RemoveButton"
  >
    <RNSVGSvgView
      align="xMidYMid"
      bbHeight={14}
      bbWidth={14}
      fill="none"
      focusable={false}
      height={14}
      meetOrSlice={0}
      minX={0}
      minY={0}
      stroke="#181a1f"
      strokeLinecap="round"
      strokeLinejoin="round"
      strokeWidth={2}
      style={
        [
          {
            "backgroundColor": "transparent",
            "borderWidth": 0,
          },
          {
            "flex": 0,
            "height": 14,
            "width": 14,
          },
        ]
      }
      vbHeight={24}
      vbWidth={24}
      width={14}
      xmlns="http://www.w3.org/2000/svg"
    >
      <RNSVGGroup
        fill={null}
        propList={
          [
            "fill",
            "stroke",
            "strokeWidth",
            "strokeLinecap",
            "strokeLinejoin",
          ]
        }
        stroke={
          {
            "payload": 4279769631,
            "type": 0,
          }
        }
        strokeLinecap={1}
        strokeLinejoin={1}
        strokeWidth={2}
      >
        <RNSVGPath
          d="M18 6l-12 12"
          fill={null}
          propList={
            [
              "fill",
              "stroke",
              "strokeWidth",
              "strokeLinecap",
              "strokeLinejoin",
            ]
          }
          stroke={
            {
              "payload": 4279769631,
              "type": 0,
            }
          }
          strokeLinecap={1}
          strokeLinejoin={1}
          strokeWidth={2}
        />
        <RNSVGPath
          d="M6 6l12 12"
          fill={null}
          propList={
            [
              "fill",
              "stroke",
              "strokeWidth",
              "strokeLinecap",
              "strokeLinejoin",
            ]
          }
          stroke={
            {
              "payload": 4279769631,
              "type": 0,
            }
          }
          strokeLinecap={1}
          strokeLinejoin={1}
          strokeWidth={2}
        />
      </RNSVGGroup>
    </RNSVGSvgView>
  </View>
</View>
`;

exports[`Chip component tests {
  onClose: [Function],
  label: 'Chip',
  Icon: [Object],
  showClose: true,
  showIcon: true
} 1`] = `
<View
  accessibilityState={
    {
      "busy": undefined,
      "checked": undefined,
      "disabled": undefined,
      "expanded": undefined,
      "selected": undefined,
    }
  }
  accessibilityValue={
    {
      "max": undefined,
      "min": undefined,
      "now": undefined,
      "text": undefined,
    }
  }
  accessible={true}
  collapsable={false}
  focusable={true}
  onBlur={[Function]}
  onClick={[Function]}
  onFocus={[Function]}
  onResponderGrant={[Function]}
  onResponderMove={[Function]}
  onResponderRelease={[Function]}
  onResponderTerminate={[Function]}
  onResponderTerminationRequest={[Function]}
  onStartShouldSetResponder={[Function]}
  style={
    [
      {
        "alignItems": "center",
        "alignSelf": "flex-start",
        "backgroundColor": "#f0f0f1",
        "borderColor": "rgba(255, 255, 255, 0.0001)",
        "borderRadius": 7,
        "borderWidth": 1,
        "flexDirection": "row",
        "gap": 7,
        "height": 24.5,
        "justifyContent": "center",
        "paddingHorizontal": 7,
        "paddingVertical": 0,
      },
      undefined,
    ]
  }
  testID="Chip_Container"
>
  <RNSVGSvgView
    align="xMidYMid"
    bbHeight={14}
    bbWidth={14}
    fill="none"
    focusable={false}
    height={14}
    meetOrSlice={0}
    minX={0}
    minY={0}
    stroke="#181a1f"
    strokeLinecap="round"
    strokeLinejoin="round"
    strokeWidth={2}
    style={
      [
        {
          "backgroundColor": "transparent",
          "borderWidth": 0,
        },
        {
          "flex": 0,
          "height": 14,
          "width": 14,
        },
      ]
    }
    testID="SvgUniversalComponent"
    vbHeight={24}
    vbWidth={24}
    width={14}
    xmlns="http://www.w3.org/2000/svg"
  >
    <RNSVGGroup
      fill={null}
      propList={
        [
          "fill",
          "stroke",
          "strokeWidth",
          "strokeLinecap",
          "strokeLinejoin",
        ]
      }
      stroke={
        {
          "payload": 4279769631,
          "type": 0,
        }
      }
      strokeLinecap={1}
      strokeLinejoin={1}
      strokeWidth={2}
    >
      <RNSVGPath
        d="M8 7a4 4 0 1 0 8 0a4 4 0 0 0 -8 0"
        fill={null}
        propList={
          [
            "fill",
            "stroke",
            "strokeWidth",
            "strokeLinecap",
            "strokeLinejoin",
          ]
        }
        stroke={
          {
            "payload": 4279769631,
            "type": 0,
          }
        }
        strokeLinecap={1}
        strokeLinejoin={1}
        strokeWidth={2}
        testID="SvgUniversalComponent"
      />
      <RNSVGPath
        d="M6 21v-2a4 4 0 0 1 4 -4h4a4 4 0 0 1 4 4v2"
        fill={null}
        propList={
          [
            "fill",
            "stroke",
            "strokeWidth",
            "strokeLinecap",
            "strokeLinejoin",
          ]
        }
        stroke={
          {
            "payload": 4279769631,
            "type": 0,
          }
        }
        strokeLinecap={1}
        strokeLinejoin={1}
        strokeWidth={2}
        testID="SvgUniversalComponent"
      />
    </RNSVGGroup>
  </RNSVGSvgView>
  <Text
    numberOfLines={1}
    style={
      [
        {
          "color": "#181a1f",
          "fontFamily": "PT Sans",
          "fontSize": 14,
          "includeFontPadding": false,
          "verticalAlign": "middle",
        },
        undefined,
      ]
    }
  >
    Chip
  </Text>
  <View
    accessibilityState={
      {
        "busy": undefined,
        "checked": undefined,
        "disabled": undefined,
        "expanded": undefined,
        "selected": undefined,
      }
    }
    accessibilityValue={
      {
        "max": undefined,
        "min": undefined,
        "now": undefined,
        "text": undefined,
      }
    }
    accessible={true}
    collapsable={false}
    focusable={true}
    onBlur={[Function]}
    onClick={[Function]}
    onFocus={[Function]}
    onResponderGrant={[Function]}
    onResponderMove={[Function]}
    onResponderRelease={[Function]}
    onResponderTerminate={[Function]}
    onResponderTerminationRequest={[Function]}
    onStartShouldSetResponder={[Function]}
    testID="Chip_RemoveButton"
  >
    <RNSVGSvgView
      align="xMidYMid"
      bbHeight={14}
      bbWidth={14}
      fill="none"
      focusable={false}
      height={14}
      meetOrSlice={0}
      minX={0}
      minY={0}
      stroke="#181a1f"
      strokeLinecap="round"
      strokeLinejoin="round"
      strokeWidth={2}
      style={
        [
          {
            "backgroundColor": "transparent",
            "borderWidth": 0,
          },
          {
            "flex": 0,
            "height": 14,
            "width": 14,
          },
        ]
      }
      vbHeight={24}
      vbWidth={24}
      width={14}
      xmlns="http://www.w3.org/2000/svg"
    >
      <RNSVGGroup
        fill={null}
        propList={
          [
            "fill",
            "stroke",
            "strokeWidth",
            "strokeLinecap",
            "strokeLinejoin",
          ]
        }
        stroke={
          {
            "payload": 4279769631,
            "type": 0,
          }
        }
        strokeLinecap={1}
        strokeLinejoin={1}
        strokeWidth={2}
      >
        <RNSVGPath
          d="M18 6l-12 12"
          fill={null}
          propList={
            [
              "fill",
              "stroke",
              "strokeWidth",
              "strokeLinecap",
              "strokeLinejoin",
            ]
          }
          stroke={
            {
              "payload": 4279769631,
              "type": 0,
            }
          }
          strokeLinecap={1}
          strokeLinejoin={1}
          strokeWidth={2}
        />
        <RNSVGPath
          d="M6 6l12 12"
          fill={null}
          propList={
            [
              "fill",
              "stroke",
              "strokeWidth",
              "strokeLinecap",
              "strokeLinejoin",
            ]
          }
          stroke={
            {
              "payload": 4279769631,
              "type": 0,
            }
          }
          strokeLinecap={1}
          strokeLinejoin={1}
          strokeWidth={2}
        />
      </RNSVGGroup>
    </RNSVGSvgView>
  </View>
</View>
`;

exports[`Chip component tests {
  onClose: [Function],
  label: 'Chip',
  Icon: undefined,
  showClose: false,
  showIcon: false
} 1`] = `
<View
  accessibilityState={
    {
      "busy": undefined,
      "checked": undefined,
      "disabled": undefined,
      "expanded": undefined,
      "selected": undefined,
    }
  }
  accessibilityValue={
    {
      "max": undefined,
      "min": undefined,
      "now": undefined,
      "text": undefined,
    }
  }
  accessible={true}
  collapsable={false}
  focusable={true}
  onBlur={[Function]}
  onClick={[Function]}
  onFocus={[Function]}
  onResponderGrant={[Function]}
  onResponderMove={[Function]}
  onResponderRelease={[Function]}
  onResponderTerminate={[Function]}
  onResponderTerminationRequest={[Function]}
  onStartShouldSetResponder={[Function]}
  style={
    [
      {
        "alignItems": "center",
        "alignSelf": "flex-start",
        "backgroundColor": "#f0f0f1",
        "borderColor": "rgba(255, 255, 255, 0.0001)",
        "borderRadius": 7,
        "borderWidth": 1,
        "flexDirection": "row",
        "gap": 7,
        "height": 24.5,
        "justifyContent": "center",
        "paddingHorizontal": 7,
        "paddingVertical": 0,
      },
      undefined,
    ]
  }
  testID="Chip_Container"
>
  <Text
    numberOfLines={1}
    style={
      [
        {
          "color": "#181a1f",
          "fontFamily": "PT Sans",
          "fontSize": 14,
          "includeFontPadding": false,
          "verticalAlign": "middle",
        },
        undefined,
      ]
    }
  >
    Chip
  </Text>
</View>
`;

exports[`Chip component tests {
  onClose: [Function],
  label: 'Chip',
  Icon: undefined,
  showClose: false,
  showIcon: true
} 1`] = `
<View
  accessibilityState={
    {
      "busy": undefined,
      "checked": undefined,
      "disabled": undefined,
      "expanded": undefined,
      "selected": undefined,
    }
  }
  accessibilityValue={
    {
      "max": undefined,
      "min": undefined,
      "now": undefined,
      "text": undefined,
    }
  }
  accessible={true}
  collapsable={false}
  focusable={true}
  onBlur={[Function]}
  onClick={[Function]}
  onFocus={[Function]}
  onResponderGrant={[Function]}
  onResponderMove={[Function]}
  onResponderRelease={[Function]}
  onResponderTerminate={[Function]}
  onResponderTerminationRequest={[Function]}
  onStartShouldSetResponder={[Function]}
  style={
    [
      {
        "alignItems": "center",
        "alignSelf": "flex-start",
        "backgroundColor": "#f0f0f1",
        "borderColor": "rgba(255, 255, 255, 0.0001)",
        "borderRadius": 7,
        "borderWidth": 1,
        "flexDirection": "row",
        "gap": 7,
        "height": 24.5,
        "justifyContent": "center",
        "paddingHorizontal": 7,
        "paddingVertical": 0,
      },
      undefined,
    ]
  }
  testID="Chip_Container"
>
  <Text
    numberOfLines={1}
    style={
      [
        {
          "color": "#181a1f",
          "fontFamily": "PT Sans",
          "fontSize": 14,
          "includeFontPadding": false,
          "verticalAlign": "middle",
        },
        undefined,
      ]
    }
  >
    Chip
  </Text>
</View>
`;

exports[`Chip component tests {
  onClose: [Function],
  label: 'Chip',
  Icon: undefined,
  showClose: true,
  showIcon: false
} 1`] = `
<View
  accessibilityState={
    {
      "busy": undefined,
      "checked": undefined,
      "disabled": undefined,
      "expanded": undefined,
      "selected": undefined,
    }
  }
  accessibilityValue={
    {
      "max": undefined,
      "min": undefined,
      "now": undefined,
      "text": undefined,
    }
  }
  accessible={true}
  collapsable={false}
  focusable={true}
  onBlur={[Function]}
  onClick={[Function]}
  onFocus={[Function]}
  onResponderGrant={[Function]}
  onResponderMove={[Function]}
  onResponderRelease={[Function]}
  onResponderTerminate={[Function]}
  onResponderTerminationRequest={[Function]}
  onStartShouldSetResponder={[Function]}
  style={
    [
      {
        "alignItems": "center",
        "alignSelf": "flex-start",
        "backgroundColor": "#f0f0f1",
        "borderColor": "rgba(255, 255, 255, 0.0001)",
        "borderRadius": 7,
        "borderWidth": 1,
        "flexDirection": "row",
        "gap": 7,
        "height": 24.5,
        "justifyContent": "center",
        "paddingHorizontal": 7,
        "paddingVertical": 0,
      },
      undefined,
    ]
  }
  testID="Chip_Container"
>
  <Text
    numberOfLines={1}
    style={
      [
        {
          "color": "#181a1f",
          "fontFamily": "PT Sans",
          "fontSize": 14,
          "includeFontPadding": false,
          "verticalAlign": "middle",
        },
        undefined,
      ]
    }
  >
    Chip
  </Text>
  <View
    accessibilityState={
      {
        "busy": undefined,
        "checked": undefined,
        "disabled": undefined,
        "expanded": undefined,
        "selected": undefined,
      }
    }
    accessibilityValue={
      {
        "max": undefined,
        "min": undefined,
        "now": undefined,
        "text": undefined,
      }
    }
    accessible={true}
    collapsable={false}
    focusable={true}
    onBlur={[Function]}
    onClick={[Function]}
    onFocus={[Function]}
    onResponderGrant={[Function]}
    onResponderMove={[Function]}
    onResponderRelease={[Function]}
    onResponderTerminate={[Function]}
    onResponderTerminationRequest={[Function]}
    onStartShouldSetResponder={[Function]}
    testID="Chip_RemoveButton"
  >
    <RNSVGSvgView
      align="xMidYMid"
      bbHeight={14}
      bbWidth={14}
      fill="none"
      focusable={false}
      height={14}
      meetOrSlice={0}
      minX={0}
      minY={0}
      stroke="#181a1f"
      strokeLinecap="round"
      strokeLinejoin="round"
      strokeWidth={2}
      style={
        [
          {
            "backgroundColor": "transparent",
            "borderWidth": 0,
          },
          {
            "flex": 0,
            "height": 14,
            "width": 14,
          },
        ]
      }
      vbHeight={24}
      vbWidth={24}
      width={14}
      xmlns="http://www.w3.org/2000/svg"
    >
      <RNSVGGroup
        fill={null}
        propList={
          [
            "fill",
            "stroke",
            "strokeWidth",
            "strokeLinecap",
            "strokeLinejoin",
          ]
        }
        stroke={
          {
            "payload": 4279769631,
            "type": 0,
          }
        }
        strokeLinecap={1}
        strokeLinejoin={1}
        strokeWidth={2}
      >
        <RNSVGPath
          d="M18 6l-12 12"
          fill={null}
          propList={
            [
              "fill",
              "stroke",
              "strokeWidth",
              "strokeLinecap",
              "strokeLinejoin",
            ]
          }
          stroke={
            {
              "payload": 4279769631,
              "type": 0,
            }
          }
          strokeLinecap={1}
          strokeLinejoin={1}
          strokeWidth={2}
        />
        <RNSVGPath
          d="M6 6l12 12"
          fill={null}
          propList={
            [
              "fill",
              "stroke",
              "strokeWidth",
              "strokeLinecap",
              "strokeLinejoin",
            ]
          }
          stroke={
            {
              "payload": 4279769631,
              "type": 0,
            }
          }
          strokeLinecap={1}
          strokeLinejoin={1}
          strokeWidth={2}
        />
      </RNSVGGroup>
    </RNSVGSvgView>
  </View>
</View>
`;

exports[`Chip component tests {
  onClose: [Function],
  label: 'Chip',
  Icon: undefined,
  showClose: true,
  showIcon: true
} 1`] = `
<View
  accessibilityState={
    {
      "busy": undefined,
      "checked": undefined,
      "disabled": undefined,
      "expanded": undefined,
      "selected": undefined,
    }
  }
  accessibilityValue={
    {
      "max": undefined,
      "min": undefined,
      "now": undefined,
      "text": undefined,
    }
  }
  accessible={true}
  collapsable={false}
  focusable={true}
  onBlur={[Function]}
  onClick={[Function]}
  onFocus={[Function]}
  onResponderGrant={[Function]}
  onResponderMove={[Function]}
  onResponderRelease={[Function]}
  onResponderTerminate={[Function]}
  onResponderTerminationRequest={[Function]}
  onStartShouldSetResponder={[Function]}
  style={
    [
      {
        "alignItems": "center",
        "alignSelf": "flex-start",
        "backgroundColor": "#f0f0f1",
        "borderColor": "rgba(255, 255, 255, 0.0001)",
        "borderRadius": 7,
        "borderWidth": 1,
        "flexDirection": "row",
        "gap": 7,
        "height": 24.5,
        "justifyContent": "center",
        "paddingHorizontal": 7,
        "paddingVertical": 0,
      },
      undefined,
    ]
  }
  testID="Chip_Container"
>
  <Text
    numberOfLines={1}
    style={
      [
        {
          "color": "#181a1f",
          "fontFamily": "PT Sans",
          "fontSize": 14,
          "includeFontPadding": false,
          "verticalAlign": "middle",
        },
        undefined,
      ]
    }
  >
    Chip
  </Text>
  <View
    accessibilityState={
      {
        "busy": undefined,
        "checked": undefined,
        "disabled": undefined,
        "expanded": undefined,
        "selected": undefined,
      }
    }
    accessibilityValue={
      {
        "max": undefined,
        "min": undefined,
        "now": undefined,
        "text": undefined,
      }
    }
    accessible={true}
    collapsable={false}
    focusable={true}
    onBlur={[Function]}
    onClick={[Function]}
    onFocus={[Function]}
    onResponderGrant={[Function]}
    onResponderMove={[Function]}
    onResponderRelease={[Function]}
    onResponderTerminate={[Function]}
    onResponderTerminationRequest={[Function]}
    onStartShouldSetResponder={[Function]}
    testID="Chip_RemoveButton"
  >
    <RNSVGSvgView
      align="xMidYMid"
      bbHeight={14}
      bbWidth={14}
      fill="none"
      focusable={false}
      height={14}
      meetOrSlice={0}
      minX={0}
      minY={0}
      stroke="#181a1f"
      strokeLinecap="round"
      strokeLinejoin="round"
      strokeWidth={2}
      style={
        [
          {
            "backgroundColor": "transparent",
            "borderWidth": 0,
          },
          {
            "flex": 0,
            "height": 14,
            "width": 14,
          },
        ]
      }
      vbHeight={24}
      vbWidth={24}
      width={14}
      xmlns="http://www.w3.org/2000/svg"
    >
      <RNSVGGroup
        fill={null}
        propList={
          [
            "fill",
            "stroke",
            "strokeWidth",
            "strokeLinecap",
            "strokeLinejoin",
          ]
        }
        stroke={
          {
            "payload": 4279769631,
            "type": 0,
          }
        }
        strokeLinecap={1}
        strokeLinejoin={1}
        strokeWidth={2}
      >
        <RNSVGPath
          d="M18 6l-12 12"
          fill={null}
          propList={
            [
              "fill",
              "stroke",
              "strokeWidth",
              "strokeLinecap",
              "strokeLinejoin",
            ]
          }
          stroke={
            {
              "payload": 4279769631,
              "type": 0,
            }
          }
          strokeLinecap={1}
          strokeLinejoin={1}
          strokeWidth={2}
        />
        <RNSVGPath
          d="M6 6l12 12"
          fill={null}
          propList={
            [
              "fill",
              "stroke",
              "strokeWidth",
              "strokeLinecap",
              "strokeLinejoin",
            ]
          }
          stroke={
            {
              "payload": 4279769631,
              "type": 0,
            }
          }
          strokeLinecap={1}
          strokeLinejoin={1}
          strokeWidth={2}
        />
      </RNSVGGroup>
    </RNSVGSvgView>
  </View>
</View>
`;

exports[`Chip component tests {
  onClose: undefined,
  label: 'Chip',
  Icon: [Object],
  showClose: false,
  showIcon: false
} 1`] = `
<View
  accessibilityState={
    {
      "busy": undefined,
      "checked": undefined,
      "disabled": undefined,
      "expanded": undefined,
      "selected": undefined,
    }
  }
  accessibilityValue={
    {
      "max": undefined,
      "min": undefined,
      "now": undefined,
      "text": undefined,
    }
  }
  accessible={true}
  collapsable={false}
  focusable={true}
  onBlur={[Function]}
  onClick={[Function]}
  onFocus={[Function]}
  onResponderGrant={[Function]}
  onResponderMove={[Function]}
  onResponderRelease={[Function]}
  onResponderTerminate={[Function]}
  onResponderTerminationRequest={[Function]}
  onStartShouldSetResponder={[Function]}
  style={
    [
      {
        "alignItems": "center",
        "alignSelf": "flex-start",
        "backgroundColor": "#f0f0f1",
        "borderColor": "rgba(255, 255, 255, 0.0001)",
        "borderRadius": 7,
        "borderWidth": 1,
        "flexDirection": "row",
        "gap": 7,
        "height": 24.5,
        "justifyContent": "center",
        "paddingHorizontal": 7,
        "paddingVertical": 0,
      },
      undefined,
    ]
  }
  testID="Chip_Container"
>
  <Text
    numberOfLines={1}
    style={
      [
        {
          "color": "#181a1f",
          "fontFamily": "PT Sans",
          "fontSize": 14,
          "includeFontPadding": false,
          "verticalAlign": "middle",
        },
        undefined,
      ]
    }
  >
    Chip
  </Text>
</View>
`;

exports[`Chip component tests {
  onClose: undefined,
  label: 'Chip',
  Icon: [Object],
  showClose: false,
  showIcon: true
} 1`] = `
<View
  accessibilityState={
    {
      "busy": undefined,
      "checked": undefined,
      "disabled": undefined,
      "expanded": undefined,
      "selected": undefined,
    }
  }
  accessibilityValue={
    {
      "max": undefined,
      "min": undefined,
      "now": undefined,
      "text": undefined,
    }
  }
  accessible={true}
  collapsable={false}
  focusable={true}
  onBlur={[Function]}
  onClick={[Function]}
  onFocus={[Function]}
  onResponderGrant={[Function]}
  onResponderMove={[Function]}
  onResponderRelease={[Function]}
  onResponderTerminate={[Function]}
  onResponderTerminationRequest={[Function]}
  onStartShouldSetResponder={[Function]}
  style={
    [
      {
        "alignItems": "center",
        "alignSelf": "flex-start",
        "backgroundColor": "#f0f0f1",
        "borderColor": "rgba(255, 255, 255, 0.0001)",
        "borderRadius": 7,
        "borderWidth": 1,
        "flexDirection": "row",
        "gap": 7,
        "height": 24.5,
        "justifyContent": "center",
        "paddingHorizontal": 7,
        "paddingVertical": 0,
      },
      undefined,
    ]
  }
  testID="Chip_Container"
>
  <RNSVGSvgView
    align="xMidYMid"
    bbHeight={14}
    bbWidth={14}
    fill="none"
    focusable={false}
    height={14}
    meetOrSlice={0}
    minX={0}
    minY={0}
    stroke="#181a1f"
    strokeLinecap="round"
    strokeLinejoin="round"
    strokeWidth={2}
    style={
      [
        {
          "backgroundColor": "transparent",
          "borderWidth": 0,
        },
        {
          "flex": 0,
          "height": 14,
          "width": 14,
        },
      ]
    }
    testID="SvgUniversalComponent"
    vbHeight={24}
    vbWidth={24}
    width={14}
    xmlns="http://www.w3.org/2000/svg"
  >
    <RNSVGGroup
      fill={null}
      propList={
        [
          "fill",
          "stroke",
          "strokeWidth",
          "strokeLinecap",
          "strokeLinejoin",
        ]
      }
      stroke={
        {
          "payload": 4279769631,
          "type": 0,
        }
      }
      strokeLinecap={1}
      strokeLinejoin={1}
      strokeWidth={2}
    >
      <RNSVGPath
        d="M8 7a4 4 0 1 0 8 0a4 4 0 0 0 -8 0"
        fill={null}
        propList={
          [
            "fill",
            "stroke",
            "strokeWidth",
            "strokeLinecap",
            "strokeLinejoin",
          ]
        }
        stroke={
          {
            "payload": 4279769631,
            "type": 0,
          }
        }
        strokeLinecap={1}
        strokeLinejoin={1}
        strokeWidth={2}
        testID="SvgUniversalComponent"
      />
      <RNSVGPath
        d="M6 21v-2a4 4 0 0 1 4 -4h4a4 4 0 0 1 4 4v2"
        fill={null}
        propList={
          [
            "fill",
            "stroke",
            "strokeWidth",
            "strokeLinecap",
            "strokeLinejoin",
          ]
        }
        stroke={
          {
            "payload": 4279769631,
            "type": 0,
          }
        }
        strokeLinecap={1}
        strokeLinejoin={1}
        strokeWidth={2}
        testID="SvgUniversalComponent"
      />
    </RNSVGGroup>
  </RNSVGSvgView>
  <Text
    numberOfLines={1}
    style={
      [
        {
          "color": "#181a1f",
          "fontFamily": "PT Sans",
          "fontSize": 14,
          "includeFontPadding": false,
          "verticalAlign": "middle",
        },
        undefined,
      ]
    }
  >
    Chip
  </Text>
</View>
`;

exports[`Chip component tests {
  onClose: undefined,
  label: 'Chip',
  Icon: [Object],
  showClose: true,
  showIcon: false
} 1`] = `
<View
  accessibilityState={
    {
      "busy": undefined,
      "checked": undefined,
      "disabled": undefined,
      "expanded": undefined,
      "selected": undefined,
    }
  }
  accessibilityValue={
    {
      "max": undefined,
      "min": undefined,
      "now": undefined,
      "text": undefined,
    }
  }
  accessible={true}
  collapsable={false}
  focusable={true}
  onBlur={[Function]}
  onClick={[Function]}
  onFocus={[Function]}
  onResponderGrant={[Function]}
  onResponderMove={[Function]}
  onResponderRelease={[Function]}
  onResponderTerminate={[Function]}
  onResponderTerminationRequest={[Function]}
  onStartShouldSetResponder={[Function]}
  style={
    [
      {
        "alignItems": "center",
        "alignSelf": "flex-start",
        "backgroundColor": "#f0f0f1",
        "borderColor": "rgba(255, 255, 255, 0.0001)",
        "borderRadius": 7,
        "borderWidth": 1,
        "flexDirection": "row",
        "gap": 7,
        "height": 24.5,
        "justifyContent": "center",
        "paddingHorizontal": 7,
        "paddingVertical": 0,
      },
      undefined,
    ]
  }
  testID="Chip_Container"
>
  <Text
    numberOfLines={1}
    style={
      [
        {
          "color": "#181a1f",
          "fontFamily": "PT Sans",
          "fontSize": 14,
          "includeFontPadding": false,
          "verticalAlign": "middle",
        },
        undefined,
      ]
    }
  >
    Chip
  </Text>
  <View
    accessibilityState={
      {
        "busy": undefined,
        "checked": undefined,
        "disabled": undefined,
        "expanded": undefined,
        "selected": undefined,
      }
    }
    accessibilityValue={
      {
        "max": undefined,
        "min": undefined,
        "now": undefined,
        "text": undefined,
      }
    }
    accessible={true}
    collapsable={false}
    focusable={true}
    onBlur={[Function]}
    onClick={[Function]}
    onFocus={[Function]}
    onResponderGrant={[Function]}
    onResponderMove={[Function]}
    onResponderRelease={[Function]}
    onResponderTerminate={[Function]}
    onResponderTerminationRequest={[Function]}
    onStartShouldSetResponder={[Function]}
    testID="Chip_RemoveButton"
  >
    <RNSVGSvgView
      align="xMidYMid"
      bbHeight={14}
      bbWidth={14}
      fill="none"
      focusable={false}
      height={14}
      meetOrSlice={0}
      minX={0}
      minY={0}
      stroke="#181a1f"
      strokeLinecap="round"
      strokeLinejoin="round"
      strokeWidth={2}
      style={
        [
          {
            "backgroundColor": "transparent",
            "borderWidth": 0,
          },
          {
            "flex": 0,
            "height": 14,
            "width": 14,
          },
        ]
      }
      vbHeight={24}
      vbWidth={24}
      width={14}
      xmlns="http://www.w3.org/2000/svg"
    >
      <RNSVGGroup
        fill={null}
        propList={
          [
            "fill",
            "stroke",
            "strokeWidth",
            "strokeLinecap",
            "strokeLinejoin",
          ]
        }
        stroke={
          {
            "payload": 4279769631,
            "type": 0,
          }
        }
        strokeLinecap={1}
        strokeLinejoin={1}
        strokeWidth={2}
      >
        <RNSVGPath
          d="M18 6l-12 12"
          fill={null}
          propList={
            [
              "fill",
              "stroke",
              "strokeWidth",
              "strokeLinecap",
              "strokeLinejoin",
            ]
          }
          stroke={
            {
              "payload": 4279769631,
              "type": 0,
            }
          }
          strokeLinecap={1}
          strokeLinejoin={1}
          strokeWidth={2}
        />
        <RNSVGPath
          d="M6 6l12 12"
          fill={null}
          propList={
            [
              "fill",
              "stroke",
              "strokeWidth",
              "strokeLinecap",
              "strokeLinejoin",
            ]
          }
          stroke={
            {
              "payload": 4279769631,
              "type": 0,
            }
          }
          strokeLinecap={1}
          strokeLinejoin={1}
          strokeWidth={2}
        />
      </RNSVGGroup>
    </RNSVGSvgView>
  </View>
</View>
`;

exports[`Chip component tests {
  onClose: undefined,
  label: 'Chip',
  Icon: [Object],
  showClose: true,
  showIcon: true
} 1`] = `
<View
  accessibilityState={
    {
      "busy": undefined,
      "checked": undefined,
      "disabled": undefined,
      "expanded": undefined,
      "selected": undefined,
    }
  }
  accessibilityValue={
    {
      "max": undefined,
      "min": undefined,
      "now": undefined,
      "text": undefined,
    }
  }
  accessible={true}
  collapsable={false}
  focusable={true}
  onBlur={[Function]}
  onClick={[Function]}
  onFocus={[Function]}
  onResponderGrant={[Function]}
  onResponderMove={[Function]}
  onResponderRelease={[Function]}
  onResponderTerminate={[Function]}
  onResponderTerminationRequest={[Function]}
  onStartShouldSetResponder={[Function]}
  style={
    [
      {
        "alignItems": "center",
        "alignSelf": "flex-start",
        "backgroundColor": "#f0f0f1",
        "borderColor": "rgba(255, 255, 255, 0.0001)",
        "borderRadius": 7,
        "borderWidth": 1,
        "flexDirection": "row",
        "gap": 7,
        "height": 24.5,
        "justifyContent": "center",
        "paddingHorizontal": 7,
        "paddingVertical": 0,
      },
      undefined,
    ]
  }
  testID="Chip_Container"
>
  <RNSVGSvgView
    align="xMidYMid"
    bbHeight={14}
    bbWidth={14}
    fill="none"
    focusable={false}
    height={14}
    meetOrSlice={0}
    minX={0}
    minY={0}
    stroke="#181a1f"
    strokeLinecap="round"
    strokeLinejoin="round"
    strokeWidth={2}
    style={
      [
        {
          "backgroundColor": "transparent",
          "borderWidth": 0,
        },
        {
          "flex": 0,
          "height": 14,
          "width": 14,
        },
      ]
    }
    testID="SvgUniversalComponent"
    vbHeight={24}
    vbWidth={24}
    width={14}
    xmlns="http://www.w3.org/2000/svg"
  >
    <RNSVGGroup
      fill={null}
      propList={
        [
          "fill",
          "stroke",
          "strokeWidth",
          "strokeLinecap",
          "strokeLinejoin",
        ]
      }
      stroke={
        {
          "payload": 4279769631,
          "type": 0,
        }
      }
      strokeLinecap={1}
      strokeLinejoin={1}
      strokeWidth={2}
    >
      <RNSVGPath
        d="M8 7a4 4 0 1 0 8 0a4 4 0 0 0 -8 0"
        fill={null}
        propList={
          [
            "fill",
            "stroke",
            "strokeWidth",
            "strokeLinecap",
            "strokeLinejoin",
          ]
        }
        stroke={
          {
            "payload": 4279769631,
            "type": 0,
          }
        }
        strokeLinecap={1}
        strokeLinejoin={1}
        strokeWidth={2}
        testID="SvgUniversalComponent"
      />
      <RNSVGPath
        d="M6 21v-2a4 4 0 0 1 4 -4h4a4 4 0 0 1 4 4v2"
        fill={null}
        propList={
          [
            "fill",
            "stroke",
            "strokeWidth",
            "strokeLinecap",
            "strokeLinejoin",
          ]
        }
        stroke={
          {
            "payload": 4279769631,
            "type": 0,
          }
        }
        strokeLinecap={1}
        strokeLinejoin={1}
        strokeWidth={2}
        testID="SvgUniversalComponent"
      />
    </RNSVGGroup>
  </RNSVGSvgView>
  <Text
    numberOfLines={1}
    style={
      [
        {
          "color": "#181a1f",
          "fontFamily": "PT Sans",
          "fontSize": 14,
          "includeFontPadding": false,
          "verticalAlign": "middle",
        },
        undefined,
      ]
    }
  >
    Chip
  </Text>
  <View
    accessibilityState={
      {
        "busy": undefined,
        "checked": undefined,
        "disabled": undefined,
        "expanded": undefined,
        "selected": undefined,
      }
    }
    accessibilityValue={
      {
        "max": undefined,
        "min": undefined,
        "now": undefined,
        "text": undefined,
      }
    }
    accessible={true}
    collapsable={false}
    focusable={true}
    onBlur={[Function]}
    onClick={[Function]}
    onFocus={[Function]}
    onResponderGrant={[Function]}
    onResponderMove={[Function]}
    onResponderRelease={[Function]}
    onResponderTerminate={[Function]}
    onResponderTerminationRequest={[Function]}
    onStartShouldSetResponder={[Function]}
    testID="Chip_RemoveButton"
  >
    <RNSVGSvgView
      align="xMidYMid"
      bbHeight={14}
      bbWidth={14}
      fill="none"
      focusable={false}
      height={14}
      meetOrSlice={0}
      minX={0}
      minY={0}
      stroke="#181a1f"
      strokeLinecap="round"
      strokeLinejoin="round"
      strokeWidth={2}
      style={
        [
          {
            "backgroundColor": "transparent",
            "borderWidth": 0,
          },
          {
            "flex": 0,
            "height": 14,
            "width": 14,
          },
        ]
      }
      vbHeight={24}
      vbWidth={24}
      width={14}
      xmlns="http://www.w3.org/2000/svg"
    >
      <RNSVGGroup
        fill={null}
        propList={
          [
            "fill",
            "stroke",
            "strokeWidth",
            "strokeLinecap",
            "strokeLinejoin",
          ]
        }
        stroke={
          {
            "payload": 4279769631,
            "type": 0,
          }
        }
        strokeLinecap={1}
        strokeLinejoin={1}
        strokeWidth={2}
      >
        <RNSVGPath
          d="M18 6l-12 12"
          fill={null}
          propList={
            [
              "fill",
              "stroke",
              "strokeWidth",
              "strokeLinecap",
              "strokeLinejoin",
            ]
          }
          stroke={
            {
              "payload": 4279769631,
              "type": 0,
            }
          }
          strokeLinecap={1}
          strokeLinejoin={1}
          strokeWidth={2}
        />
        <RNSVGPath
          d="M6 6l12 12"
          fill={null}
          propList={
            [
              "fill",
              "stroke",
              "strokeWidth",
              "strokeLinecap",
              "strokeLinejoin",
            ]
          }
          stroke={
            {
              "payload": 4279769631,
              "type": 0,
            }
          }
          strokeLinecap={1}
          strokeLinejoin={1}
          strokeWidth={2}
        />
      </RNSVGGroup>
    </RNSVGSvgView>
  </View>
</View>
`;

exports[`Chip component tests {
  onClose: undefined,
  label: 'Chip',
  Icon: undefined,
  showClose: false,
  showIcon: false
} 1`] = `
<View
  accessibilityState={
    {
      "busy": undefined,
      "checked": undefined,
      "disabled": undefined,
      "expanded": undefined,
      "selected": undefined,
    }
  }
  accessibilityValue={
    {
      "max": undefined,
      "min": undefined,
      "now": undefined,
      "text": undefined,
    }
  }
  accessible={true}
  collapsable={false}
  focusable={true}
  onBlur={[Function]}
  onClick={[Function]}
  onFocus={[Function]}
  onResponderGrant={[Function]}
  onResponderMove={[Function]}
  onResponderRelease={[Function]}
  onResponderTerminate={[Function]}
  onResponderTerminationRequest={[Function]}
  onStartShouldSetResponder={[Function]}
  style={
    [
      {
        "alignItems": "center",
        "alignSelf": "flex-start",
        "backgroundColor": "#f0f0f1",
        "borderColor": "rgba(255, 255, 255, 0.0001)",
        "borderRadius": 7,
        "borderWidth": 1,
        "flexDirection": "row",
        "gap": 7,
        "height": 24.5,
        "justifyContent": "center",
        "paddingHorizontal": 7,
        "paddingVertical": 0,
      },
      undefined,
    ]
  }
  testID="Chip_Container"
>
  <Text
    numberOfLines={1}
    style={
      [
        {
          "color": "#181a1f",
          "fontFamily": "PT Sans",
          "fontSize": 14,
          "includeFontPadding": false,
          "verticalAlign": "middle",
        },
        undefined,
      ]
    }
  >
    Chip
  </Text>
</View>
`;

exports[`Chip component tests {
  onClose: undefined,
  label: 'Chip',
  Icon: undefined,
  showClose: false,
  showIcon: true
} 1`] = `
<View
  accessibilityState={
    {
      "busy": undefined,
      "checked": undefined,
      "disabled": undefined,
      "expanded": undefined,
      "selected": undefined,
    }
  }
  accessibilityValue={
    {
      "max": undefined,
      "min": undefined,
      "now": undefined,
      "text": undefined,
    }
  }
  accessible={true}
  collapsable={false}
  focusable={true}
  onBlur={[Function]}
  onClick={[Function]}
  onFocus={[Function]}
  onResponderGrant={[Function]}
  onResponderMove={[Function]}
  onResponderRelease={[Function]}
  onResponderTerminate={[Function]}
  onResponderTerminationRequest={[Function]}
  onStartShouldSetResponder={[Function]}
  style={
    [
      {
        "alignItems": "center",
        "alignSelf": "flex-start",
        "backgroundColor": "#f0f0f1",
        "borderColor": "rgba(255, 255, 255, 0.0001)",
        "borderRadius": 7,
        "borderWidth": 1,
        "flexDirection": "row",
        "gap": 7,
        "height": 24.5,
        "justifyContent": "center",
        "paddingHorizontal": 7,
        "paddingVertical": 0,
      },
      undefined,
    ]
  }
  testID="Chip_Container"
>
  <Text
    numberOfLines={1}
    style={
      [
        {
          "color": "#181a1f",
          "fontFamily": "PT Sans",
          "fontSize": 14,
          "includeFontPadding": false,
          "verticalAlign": "middle",
        },
        undefined,
      ]
    }
  >
    Chip
  </Text>
</View>
`;

exports[`Chip component tests {
  onClose: undefined,
  label: 'Chip',
  Icon: undefined,
  showClose: true,
  showIcon: false
} 1`] = `
<View
  accessibilityState={
    {
      "busy": undefined,
      "checked": undefined,
      "disabled": undefined,
      "expanded": undefined,
      "selected": undefined,
    }
  }
  accessibilityValue={
    {
      "max": undefined,
      "min": undefined,
      "now": undefined,
      "text": undefined,
    }
  }
  accessible={true}
  collapsable={false}
  focusable={true}
  onBlur={[Function]}
  onClick={[Function]}
  onFocus={[Function]}
  onResponderGrant={[Function]}
  onResponderMove={[Function]}
  onResponderRelease={[Function]}
  onResponderTerminate={[Function]}
  onResponderTerminationRequest={[Function]}
  onStartShouldSetResponder={[Function]}
  style={
    [
      {
        "alignItems": "center",
        "alignSelf": "flex-start",
        "backgroundColor": "#f0f0f1",
        "borderColor": "rgba(255, 255, 255, 0.0001)",
        "borderRadius": 7,
        "borderWidth": 1,
        "flexDirection": "row",
        "gap": 7,
        "height": 24.5,
        "justifyContent": "center",
        "paddingHorizontal": 7,
        "paddingVertical": 0,
      },
      undefined,
    ]
  }
  testID="Chip_Container"
>
  <Text
    numberOfLines={1}
    style={
      [
        {
          "color": "#181a1f",
          "fontFamily": "PT Sans",
          "fontSize": 14,
          "includeFontPadding": false,
          "verticalAlign": "middle",
        },
        undefined,
      ]
    }
  >
    Chip
  </Text>
  <View
    accessibilityState={
      {
        "busy": undefined,
        "checked": undefined,
        "disabled": undefined,
        "expanded": undefined,
        "selected": undefined,
      }
    }
    accessibilityValue={
      {
        "max": undefined,
        "min": undefined,
        "now": undefined,
        "text": undefined,
      }
    }
    accessible={true}
    collapsable={false}
    focusable={true}
    onBlur={[Function]}
    onClick={[Function]}
    onFocus={[Function]}
    onResponderGrant={[Function]}
    onResponderMove={[Function]}
    onResponderRelease={[Function]}
    onResponderTerminate={[Function]}
    onResponderTerminationRequest={[Function]}
    onStartShouldSetResponder={[Function]}
    testID="Chip_RemoveButton"
  >
    <RNSVGSvgView
      align="xMidYMid"
      bbHeight={14}
      bbWidth={14}
      fill="none"
      focusable={false}
      height={14}
      meetOrSlice={0}
      minX={0}
      minY={0}
      stroke="#181a1f"
      strokeLinecap="round"
      strokeLinejoin="round"
      strokeWidth={2}
      style={
        [
          {
            "backgroundColor": "transparent",
            "borderWidth": 0,
          },
          {
            "flex": 0,
            "height": 14,
            "width": 14,
          },
        ]
      }
      vbHeight={24}
      vbWidth={24}
      width={14}
      xmlns="http://www.w3.org/2000/svg"
    >
      <RNSVGGroup
        fill={null}
        propList={
          [
            "fill",
            "stroke",
            "strokeWidth",
            "strokeLinecap",
            "strokeLinejoin",
          ]
        }
        stroke={
          {
            "payload": 4279769631,
            "type": 0,
          }
        }
        strokeLinecap={1}
        strokeLinejoin={1}
        strokeWidth={2}
      >
        <RNSVGPath
          d="M18 6l-12 12"
          fill={null}
          propList={
            [
              "fill",
              "stroke",
              "strokeWidth",
              "strokeLinecap",
              "strokeLinejoin",
            ]
          }
          stroke={
            {
              "payload": 4279769631,
              "type": 0,
            }
          }
          strokeLinecap={1}
          strokeLinejoin={1}
          strokeWidth={2}
        />
        <RNSVGPath
          d="M6 6l12 12"
          fill={null}
          propList={
            [
              "fill",
              "stroke",
              "strokeWidth",
              "strokeLinecap",
              "strokeLinejoin",
            ]
          }
          stroke={
            {
              "payload": 4279769631,
              "type": 0,
            }
          }
          strokeLinecap={1}
          strokeLinejoin={1}
          strokeWidth={2}
        />
      </RNSVGGroup>
    </RNSVGSvgView>
  </View>
</View>
`;

exports[`Chip component tests {
  onClose: undefined,
  label: 'Chip',
  Icon: undefined,
  showClose: true,
  showIcon: true
} 1`] = `
<View
  accessibilityState={
    {
      "busy": undefined,
      "checked": undefined,
      "disabled": undefined,
      "expanded": undefined,
      "selected": undefined,
    }
  }
  accessibilityValue={
    {
      "max": undefined,
      "min": undefined,
      "now": undefined,
      "text": undefined,
    }
  }
  accessible={true}
  collapsable={false}
  focusable={true}
  onBlur={[Function]}
  onClick={[Function]}
  onFocus={[Function]}
  onResponderGrant={[Function]}
  onResponderMove={[Function]}
  onResponderRelease={[Function]}
  onResponderTerminate={[Function]}
  onResponderTerminationRequest={[Function]}
  onStartShouldSetResponder={[Function]}
  style={
    [
      {
        "alignItems": "center",
        "alignSelf": "flex-start",
        "backgroundColor": "#f0f0f1",
        "borderColor": "rgba(255, 255, 255, 0.0001)",
        "borderRadius": 7,
        "borderWidth": 1,
        "flexDirection": "row",
        "gap": 7,
        "height": 24.5,
        "justifyContent": "center",
        "paddingHorizontal": 7,
        "paddingVertical": 0,
      },
      undefined,
    ]
  }
  testID="Chip_Container"
>
  <Text
    numberOfLines={1}
    style={
      [
        {
          "color": "#181a1f",
          "fontFamily": "PT Sans",
          "fontSize": 14,
          "includeFontPadding": false,
          "verticalAlign": "middle",
        },
        undefined,
      ]
    }
  >
    Chip
  </Text>
  <View
    accessibilityState={
      {
        "busy": undefined,
        "checked": undefined,
        "disabled": undefined,
        "expanded": undefined,
        "selected": undefined,
      }
    }
    accessibilityValue={
      {
        "max": undefined,
        "min": undefined,
        "now": undefined,
        "text": undefined,
      }
    }
    accessible={true}
    collapsable={false}
    focusable={true}
    onBlur={[Function]}
    onClick={[Function]}
    onFocus={[Function]}
    onResponderGrant={[Function]}
    onResponderMove={[Function]}
    onResponderRelease={[Function]}
    onResponderTerminate={[Function]}
    onResponderTerminationRequest={[Function]}
    onStartShouldSetResponder={[Function]}
    testID="Chip_RemoveButton"
  >
    <RNSVGSvgView
      align="xMidYMid"
      bbHeight={14}
      bbWidth={14}
      fill="none"
      focusable={false}
      height={14}
      meetOrSlice={0}
      minX={0}
      minY={0}
      stroke="#181a1f"
      strokeLinecap="round"
      strokeLinejoin="round"
      strokeWidth={2}
      style={
        [
          {
            "backgroundColor": "transparent",
            "borderWidth": 0,
          },
          {
            "flex": 0,
            "height": 14,
            "width": 14,
          },
        ]
      }
      vbHeight={24}
      vbWidth={24}
      width={14}
      xmlns="http://www.w3.org/2000/svg"
    >
      <RNSVGGroup
        fill={null}
        propList={
          [
            "fill",
            "stroke",
            "strokeWidth",
            "strokeLinecap",
            "strokeLinejoin",
          ]
        }
        stroke={
          {
            "payload": 4279769631,
            "type": 0,
          }
        }
        strokeLinecap={1}
        strokeLinejoin={1}
        strokeWidth={2}
      >
        <RNSVGPath
          d="M18 6l-12 12"
          fill={null}
          propList={
            [
              "fill",
              "stroke",
              "strokeWidth",
              "strokeLinecap",
              "strokeLinejoin",
            ]
          }
          stroke={
            {
              "payload": 4279769631,
              "type": 0,
            }
          }
          strokeLinecap={1}
          strokeLinejoin={1}
          strokeWidth={2}
        />
        <RNSVGPath
          d="M6 6l12 12"
          fill={null}
          propList={
            [
              "fill",
              "stroke",
              "strokeWidth",
              "strokeLinecap",
              "strokeLinejoin",
            ]
          }
          stroke={
            {
              "payload": 4279769631,
              "type": 0,
            }
          }
          strokeLinecap={1}
          strokeLinejoin={1}
          strokeWidth={2}
        />
      </RNSVGGroup>
    </RNSVGSvgView>
  </View>
</View>
`;
