// Jest Snapshot v1, https://goo.gl/fbAQLP

exports[`InputTextBase component functionality tests should pass args to custom render function correctly 1`] = `
[
  {
    "allowFontScaling": undefined,
    "editable": true,
    "inputRef": {
      "current": null,
    },
    "onBlur": [Function],
    "onChangeText": [Function],
    "onFocus": [Function],
    "placeholder": "",
    "secureTextEntry": false,
    "style": [
      {
        "color": "#181a1f",
        "fontFamily": "PT Sans",
        "fontSize": 14,
        "includeFontPadding": false,
        "verticalAlign": "middle",
      },
      {
        "bottom": 0,
        "left": 0,
        "padding": 0,
        "paddingHorizontal": 10.5,
        "position": "absolute",
        "right": 0,
        "top": 0,
      },
    ],
    "testID": "InputTextBase",
    "value": "",
  },
]
`;
